// Jest Snapshot v1, https://goo.gl/fbAQLP

exports[`should render LoginPage correctly 1`] = `
<div>
  <h1>
    Login
  </h1>
  <form
    onSubmit={[Function]}
  >
    <input
      autoFocus={true}
      onChange={[Function]}
      placeholder="username"
      type="text"
      value=""
    />
    <input
      onChange={[Function]}
      placeholder="password"
      type="text"
      value=""
    />
    <button>
      login
    </button>
  </form>
</div>
`;
